18:14:53 **** Incremental Build of configuration Debug for project nrf_tx ****
make -j12 all 
arm-none-eabi-gcc "../Core/Src/main.c" -mcpu=cortex-m4 -std=gnu11 -g3 -DDEBUG -DUSE_HAL_DRIVER -DSTM32F412Rx -c -I../Core/Inc -I../Drivers/STM32F4xx_HAL_Driver/Inc -I../Drivers/STM32F4xx_HAL_Driver/Inc/Legacy -I../Drivers/CMSIS/Device/ST/STM32F4xx/Include -I../Drivers/CMSIS/Include -O0 -ffunction-sections -fdata-sections -Wall -fstack-usage -fcyclomatic-complexity -MMD -MP -MF"Core/Src/main.d" -MT"Core/Src/main.o" --specs=nano.specs -mfpu=fpv4-sp-d16 -mfloat-abi=hard -mthumb -o "Core/Src/main.o"
arm-none-eabi-gcc -o "nrf_tx.elf" @"objects.list"   -mcpu=cortex-m4 -T"C:\ALL\UNI\Racing team\team repo\AUX-Telemetry\workspace_1.19.0\nrf_tx\STM32F412RGTX_FLASH.ld" --specs=nosys.specs -Wl,-Map="nrf_tx.map" -Wl,--gc-sections -static --specs=nano.specs -mfpu=fpv4-sp-d16 -mfloat-abi=hard -mthumb -Wl,--start-group -lc -lm -Wl,--end-group
Finished building target: nrf_tx.elf
 
arm-none-eabi-size  nrf_tx.elf 
arm-none-eabi-objdump -h -S nrf_tx.elf  > "nrf_tx.list"
   text	   data	    bss	    dec	    hex	filename
  16092	    100	   2060	  18252	   474c	nrf_tx.elf
Finished building: default.size.stdout
 
Finished building: nrf_tx.list
 

18:14:54 Build Finished. 0 errors, 0 warnings. (took 1s.22ms)

